Watching for file changes with StatReloader
Not Found: /
"GET / HTTP/1.1" 404 3107
"GET /swagger/ HTTP/1.1" 200 2217
"GET /swagger/?format=openapi HTTP/1.1" 200 13675
"GET /swagger/ HTTP/1.1" 200 13675
/home/kigen65/ALX_SE/project_nexus_BE/orders/views.py changed, reloading.
Watching for file changes with StatReloader
/home/kigen65/ALX_SE/project_nexus_BE/orders/views.py changed, reloading.
Watching for file changes with StatReloader
/home/kigen65/ALX_SE/project_nexus_BE/orders/views.py changed, reloading.
Watching for file changes with StatReloader
/home/kigen65/ALX_SE/project_nexus_BE/orders/views.py changed, reloading.
Watching for file changes with StatReloader
/home/kigen65/ALX_SE/project_nexus_BE/orders/views.py changed, reloading.
Watching for file changes with StatReloader
Not Found: /
"GET / HTTP/1.1" 404 3107
"GET /swagger/ HTTP/1.1" 200 2217
"GET /swagger/?format=openapi HTTP/1.1" 200 13675
/home/kigen65/ALX_SE/project_nexus_BE/orders/views.py changed, reloading.
Watching for file changes with StatReloader
/home/kigen65/ALX_SE/project_nexus_BE/orders/views.py changed, reloading.
Watching for file changes with StatReloader
/home/kigen65/ALX_SE/project_nexus_BE/orders/views.py changed, reloading.
Watching for file changes with StatReloader
/home/kigen65/ALX_SE/project_nexus_BE/orders/views.py changed, reloading.
Watching for file changes with StatReloader
Not Found: /
"GET / HTTP/1.1" 404 3107
"GET /swagger/ HTTP/1.1" 200 2217
"GET /swagger/?format=openapi HTTP/1.1" 200 13675
Watching for file changes with StatReloader
/home/kigen65/ALX_SE/project_nexus_BE/core/settings.py changed, reloading.
Watching for file changes with StatReloader
Watching for file changes with StatReloader
Watching for file changes with StatReloader
Watching for file changes with StatReloader
Not Found: /
"GET / HTTP/1.1" 404 3107
"GET /swagger/ HTTP/1.1" 200 2217
"GET /swagger/?format=openapi HTTP/1.1" 200 13675
Watching for file changes with StatReloader
Watching for file changes with StatReloader
Watching for file changes with StatReloader
"GET /redoc/ HTTP/1.1" 200 931
"GET /redoc/?format=openapi HTTP/1.1" 200 13675
Method Not Allowed: /api/auth/register/
"GET /api/auth/register/ HTTP/1.1" 405 7852
Bad Request: /api/auth/register/
"POST /api/auth/register/ HTTP/1.1" 400 8017
"POST /api/auth/register/ HTTP/1.1" 201 7976
Method Not Allowed: /api/auth/login/
"GET /api/auth/login/ HTTP/1.1" 405 7422
Unauthorized: /api/auth/login/
Unauthorized: /api/auth/login/
"POST /api/auth/login/ HTTP/1.1" 401 7502
Unauthorized: /api/auth/login/
Unauthorized: /api/auth/login/
"POST /api/auth/login/ HTTP/1.1" 401 7502
Unauthorized: /api/auth/login/
"POST /api/auth/login/ HTTP/1.1" 401 7502
Unauthorized: /api/auth/login/
"POST /api/auth/login/ HTTP/1.1" 401 7502
/home/kigen65/ALX_SE/project_nexus_BE/core/settings.py changed, reloading.
Watching for file changes with StatReloader
/home/kigen65/ALX_SE/project_nexus_BE/core/settings.py changed, reloading.
Watching for file changes with StatReloader
Watching for file changes with StatReloader
Watching for file changes with StatReloader
Not Found: /
"GET / HTTP/1.1" 404 3107
"GET /swagger/ HTTP/1.1" 200 2217
"GET /swagger/?format=openapi HTTP/1.1" 200 13675
Watching for file changes with StatReloader
Not Found: /
"GET / HTTP/1.1" 404 3107
"GET /swagger/ HTTP/1.1" 200 2217
"GET /swagger/?format=openapi HTTP/1.1" 200 13675
Watching for file changes with StatReloader
Not Found: /
"GET / HTTP/1.1" 404 3107
"GET /swagger/ HTTP/1.1" 200 1638
"GET /swagger/?format=openapi HTTP/1.1" 200 13675
Watching for file changes with StatReloader
/home/kigen65/ALX_SE/project_nexus_BE/core/settings.py changed, reloading.
Watching for file changes with StatReloader
Watching for file changes with StatReloader
/home/kigen65/ALX_SE/project_nexus_BE/core/settings.py changed, reloading.
Watching for file changes with StatReloader
Not Found: /
"GET / HTTP/1.1" 404 3107
"GET /swagger/ HTTP/1.1" 200 1638
"GET /swagger/?format=openapi HTTP/1.1" 200 13675
Watching for file changes with StatReloader
Watching for file changes with StatReloader
Not Found: /
"GET / HTTP/1.1" 404 3107
"GET /swagger/ HTTP/1.1" 200 1610
"GET /swagger/?format=openapi HTTP/1.1" 200 13719
Watching for file changes with StatReloader
Not Found: /
"GET / HTTP/1.1" 404 3107
Not Found: /
"GET / HTTP/1.1" 404 3107
"GET /redoc/ HTTP/1.1" 200 931
"GET /redoc/?format=openapi HTTP/1.1" 200 13719
Watching for file changes with StatReloader
Not Found: /
"GET / HTTP/1.1" 404 3107
Not Found: /favicon.ico
"GET /favicon.ico HTTP/1.1" 404 3158
"GET /swagger/ HTTP/1.1" 200 1610
"GET /static/drf-yasg/style.css HTTP/1.1" 304 0
"GET /static/drf-yasg/insQ.min.js HTTP/1.1" 304 0
"GET /static/drf-yasg/swagger-ui-init.js HTTP/1.1" 200 15480
"GET /static/drf-yasg/swagger-ui-dist/swagger-ui.css HTTP/1.1" 200 145206
"GET /static/drf-yasg/immutable.min.js HTTP/1.1" 200 56904
"GET /static/drf-yasg/swagger-ui-dist/swagger-ui-standalone-preset.js HTTP/1.1" 200 322863
"GET /static/drf-yasg/swagger-ui-dist/swagger-ui-bundle.js HTTP/1.1" 200 1046583
"GET /static/drf-yasg/swagger-ui-dist/favicon-32x32.png HTTP/1.1" 304 0
"GET /swagger/?format=openapi HTTP/1.1" 200 13719
